// Jest Snapshot v1, https://goo.gl/fbAQLP

exports[`Container Card matches snapshot 1`] = `
.emotion-2 {
  display: block;
  border-radius: 1px;
  border: solid 1px rgba(46,91,255,0.08);
  box-shadow: 0 10px 20px 0 rgba(46,91,255,0.07);
  padding: 32px 24px;
  background-color: var(--color-white);
}

.emotion-0 {
  margin: 0 0 26px 0;
  color: var(--color-bluey-grey);
  font-size: 13px;
  font-weight: var(--font-weight-normal);
  -webkit-letter-spacing: 1.2px;
  -moz-letter-spacing: 1.2px;
  -ms-letter-spacing: 1.2px;
  letter-spacing: 1.2px;
  text-transform: uppercase;
}

<div
  className="emotion-2 emotion-3"
>
  <h3
    className="emotion-0 emotion-1"
  >
    Card Heading
  </h3>
  Card Content
</div>
`;
