// Jest Snapshot v1, https://goo.gl/fbAQLP

exports[`Menu matches snapshot 1`] = `
.emotion-27 {
  height: 100%;
  padding: 20px;
  width: 80px;
  background-color: #fff;
  -webkit-transition: all 0.2s linear;
  transition: all 0.2s linear;
  overflow-x: hidden;
}

.emotion-4 {
  display: -webkit-box;
  display: -webkit-flex;
  display: -ms-flexbox;
  display: flex;
  margin: 0 0 24px;
  padding: 0 8px;
  width: 215px;
  opacity: 0;
  -webkit-transition: all 0.2s linear;
  transition: all 0.2s linear;
}

.emotion-10 {
  display: -webkit-box;
  display: -webkit-flex;
  display: -ms-flexbox;
  display: flex;
  -webkit-align-items: center;
  -webkit-box-align: center;
  -ms-flex-align: center;
  align-items: center;
  -webkit-box-pack: start;
  -webkit-justify-content: flex-start;
  -ms-flex-pack: start;
  justify-content: flex-start;
  border-left: solid 3px transparent;
  height: 56px;
  margin: 0 -20px;
  padding: 0 0 0 25px;
  -webkit-transition: all 0.2s linear;
  transition: all 0.2s linear;
  cursor: pointer;
}

.emotion-10 > svg {
  -webkit-flex-shrink: 0;
  -ms-flex-negative: 0;
  flex-shrink: 0;
}

.emotion-10:hover {
  background-color: rgba(46,91,255,0.1);
}

.emotion-5 {
  height: 24px;
  width: 24px;
}

.emotion-9 {
  margin-left: 16px;
  color: #b0bac9;
  opacity: 0;
  -webkit-transition: all 0.2s linear;
  transition: all 0.2s linear;
}

.emotion-7 {
  display: -webkit-box;
  display: -webkit-flex;
  display: -ms-flexbox;
  display: flex;
  -webkit-align-items: center;
  -webkit-box-align: center;
  -ms-flex-align: center;
  align-items: center;
  -webkit-box-pack: start;
  -webkit-justify-content: flex-start;
  -ms-flex-pack: start;
  justify-content: flex-start;
  border-left: solid 3px #2e5bff;
  height: 56px;
  margin: 0 -20px;
  padding: 0 0 0 25px;
  background-color: rgba(46,91,255,0.1);
  -webkit-transition: all 0.2s linear;
  transition: all 0.2s linear;
  cursor: pointer;
}

.emotion-7 > svg {
  -webkit-flex-shrink: 0;
  -ms-flex-negative: 0;
  flex-shrink: 0;
}

.emotion-6 {
  margin-left: 16px;
  color: #2e5bff;
  opacity: 0;
  -webkit-transition: all 0.2s linear;
  transition: all 0.2s linear;
}

.emotion-0 {
  display: -webkit-box;
  display: -webkit-flex;
  display: -ms-flexbox;
  display: flex;
  -webkit-align-items: center;
  -webkit-box-align: center;
  -ms-flex-align: center;
  align-items: center;
  -webkit-box-pack: center;
  -webkit-justify-content: center;
  -ms-flex-pack: center;
  justify-content: center;
  border: none;
  padding: 0;
  font-size: 15px;
  font-weight: 500;
  cursor: pointer;
  -webkit-transition: all 0.2s linear;
  transition: all 0.2s linear;
  border-radius: 4px;
  height: 40px;
  width: 200px;
  background: none;
  color: #2e5bff;
  margin: 0 0 58px;
  width: 40px;
}

.emotion-0:disabled {
  opacity: 0.3;
  pointer-events: none;
}

.emotion-0:focus {
  outline: 0;
}

.emotion-0:enabled:hover {
  background-color: rgba(46,91,255,0.1);
}

.emotion-1 {
  border-radius: 6px;
}

.emotion-3 {
  margin-left: 10px;
}

.emotion-2 {
  display: block;
  color: #bfc5d2;
}

.emotion-26 {
  margin: 0;
  padding: 0;
  list-style: none;
}

<div
  className="emotion-27"
>
  <button
    className="emotion-0"
    onClick={[Function]}
    type="button"
  >
    <img
      alt="Menu"
      src="./menu.svg"
    />
  </button>
  <div
    className="emotion-4"
  >
    <img
      alt="Welcome"
      className="emotion-1"
      height="32"
      src="https://s3.amazonaws.com/uifaces/faces/twitter/xravil/128.jpg"
      width="32"
    />
    <div
      className="emotion-3"
    >
      <span>
        Welcome
      </span>
      <span
        className="emotion-2"
      >
        Joan Wilkins
      </span>
    </div>
  </div>
  <nav>
    <ul
      className="emotion-26"
    >
      <li
        className="emotion-7"
      >
        <svg
          className="emotion-5"
          fill="none"
          viewBox="0 0 24 24"
        >
          <title>
            Overview
          </title>
          <path
            clipRule="evenodd"
            d="M3.1 2.3a.8.8 0 00-.8.8v6.8a.8.8 0 00.8.8h6.8a.8.8 0 00.8-.8V3.1a.8.8 0 00-.8-.8H3.1zm0 11a.8.8 0 00-.8.8v6.8a.8.8 0 00.8.8h6.8a.8.8 0 00.8-.8v-6.8a.8.8 0 00-.8-.8H3.1zM13.3 3.1a.8.8 0 01.8-.8h6.8a.8.8 0 01.8.8v6.8a.8.8 0 01-.8.8h-6.8a.8.8 0 01-.8-.8V3.1zm.8 10.2a.8.8 0 00-.8.8v6.8a.8.8 0 00.8.8h6.8a.8.8 0 00.8-.8v-6.8a.8.8 0 00-.8-.8h-6.8zm.65 1.45h5.5v5.5h-5.5v-5.5zm5.5-11h-5.5v5.5h5.5v-5.5zm-16.5 0h5.5v5.5h-5.5v-5.5zm5.5 11h-5.5v5.5h5.5v-5.5z"
            fill="#bfc5d2"
            fillRule="evenodd"
          />
          <mask
            height={20}
            id="Dashboard_svg__a"
            maskUnits="userSpaceOnUse"
            width={20}
            x={2}
            y={2}
          >
            <path
              clipRule="evenodd"
              d="M3.1 2.3a.8.8 0 00-.8.8v6.8a.8.8 0 00.8.8h6.8a.8.8 0 00.8-.8V3.1a.8.8 0 00-.8-.8H3.1zm0 11a.8.8 0 00-.8.8v6.8a.8.8 0 00.8.8h6.8a.8.8 0 00.8-.8v-6.8a.8.8 0 00-.8-.8H3.1zM13.3 3.1a.8.8 0 01.8-.8h6.8a.8.8 0 01.8.8v6.8a.8.8 0 01-.8.8h-6.8a.8.8 0 01-.8-.8V3.1zm.8 10.2a.8.8 0 00-.8.8v6.8a.8.8 0 00.8.8h6.8a.8.8 0 00.8-.8v-6.8a.8.8 0 00-.8-.8h-6.8zm.65 1.45h5.5v5.5h-5.5v-5.5zm5.5-11h-5.5v5.5h5.5v-5.5zm-16.5 0h5.5v5.5h-5.5v-5.5zm5.5 11h-5.5v5.5h5.5v-5.5z"
              fill="#fff"
              fillRule="evenodd"
            />
          </mask>
        </svg>
        <span
          className="emotion-6"
        >
          Overview
        </span>
      </li>
      <li
        className="emotion-10"
      >
        <svg
          className="emotion-5"
          fill="none"
          viewBox="0 0 24 24"
        >
          <title>
            Analytics
          </title>
          <path
            clipRule="evenodd"
            d="M13.953 2h-3.906c-.324 0-.586.312-.586.698v18.6c0 .386.262.698.586.698h3.906c.324 0 .586-.312.586-.697V2.698c0-.386-.262-.698-.586-.698zm-.586 18.601h-2.734v-6.975h2.734V20.6zm0-8.37h-2.734V3.395h2.734v8.836zm-6.875-1.86H2.586c-.324 0-.586.312-.586.697v10.23c0 .386.262.698.586.698h3.906c.324 0 .586-.312.586-.697v-10.23c0-.386-.262-.699-.586-.699zM3.172 20.6h2.734v-2.325H3.172v2.325zm2.734-3.72H3.172v-5.115h2.734v5.115zm11.602-6.51h3.906c.324 0 .586.312.586.697v10.23c0 .386-.262.698-.586.698h-3.906c-.324 0-.586-.312-.586-.697v-10.23c0-.386.262-.699.586-.699zm3.32 10.23h-2.734v-2.325h2.734v2.325zm-2.734-3.72h2.734v-5.115h-2.734v5.115z"
            fill="#bfc5d2"
            fillRule="evenodd"
          />
          <mask
            height={20}
            id="Analytics_svg__a"
            maskUnits="userSpaceOnUse"
            width={20}
            x={2}
            y={2}
          >
            <path
              clipRule="evenodd"
              d="M13.953 2h-3.906c-.324 0-.586.312-.586.698v18.6c0 .386.262.698.586.698h3.906c.324 0 .586-.312.586-.697V2.698c0-.386-.262-.698-.586-.698zm-.586 18.601h-2.734v-6.975h2.734V20.6zm0-8.37h-2.734V3.395h2.734v8.836zm-6.875-1.86H2.586c-.324 0-.586.312-.586.697v10.23c0 .386.262.698.586.698h3.906c.324 0 .586-.312.586-.697v-10.23c0-.386-.262-.699-.586-.699zM3.172 20.6h2.734v-2.325H3.172v2.325zm2.734-3.72H3.172v-5.115h2.734v5.115zm11.602-6.51h3.906c.324 0 .586.312.586.697v10.23c0 .386-.262.698-.586.698h-3.906c-.324 0-.586-.312-.586-.697v-10.23c0-.386.262-.699.586-.699zm3.32 10.23h-2.734v-2.325h2.734v2.325zm-2.734-3.72h2.734v-5.115h-2.734v5.115z"
              fill="#fff"
              fillRule="evenodd"
            />
          </mask>
        </svg>
        <span
          className="emotion-9"
        >
          Analytics
        </span>
      </li>
      <li
        className="emotion-10"
      >
        <svg
          className="emotion-5"
          fill="none"
          viewBox="0 0 24 24"
        >
          <title>
            Vehicles
          </title>
          <path
            clipRule="evenodd"
            d="M21.428 8.732L18.602 4.73C18.269 4.256 17.831 4 17.378 4h-6.303c-.498 0-.97.309-1.309.859L7.378 8.732c-.15.249-.363.384-.582.392h-2.14C3.19 9.116 2 10.917 2 13.132v1.575c0 1.492.801 2.705 1.791 2.705h.269c.358 1.899 1.661 2.992 2.915 2.449.781-.34 1.393-1.266 1.617-2.449h6.836c.358 1.899 1.662 2.992 2.915 2.449.781-.34 1.393-1.266 1.617-2.449h.244c.985.008 1.791-1.206 1.796-2.697v-4.001c-.005-.754-.214-1.47-.572-1.982zm-4.06-3.225c.21 0 .408.12.552.332l2.314 3.285h-2.727l-1.104-3.617h.965zm-.95 3.617h-2.781V5.507h1.676l1.105 3.617zm-10.1 9.38c-.75 0-1.363-.926-1.363-2.064s.612-2.065 1.363-2.065c.752 0 1.364.927 1.364 2.065 0 1.145-.612 2.065-1.364 2.065zm6.324-2.606h-3.99c-.19-1.952-1.388-3.293-2.677-3.007-1.025.234-1.83 1.454-1.985 3.007h-.199c-.438.007-.796-.528-.8-1.19v-1.576c-.001-1.386.745-2.509 1.66-2.509h2.145c.035 0 .065 0 .1-.007.02 0 .034.007.054.007h5.692v5.275zm0-6.774h-4.14l1.99-3.225c.15-.249.364-.384.583-.392h1.567v3.617zM15.726 4h-3.035 3.035zm1.966 14.505c-.752 0-1.364-.927-1.364-2.065s.612-2.065 1.364-2.065c.75 0 1.363.927 1.363 2.065 0 1.145-.612 2.065-1.363 2.065zm3.313-3.798c-.005.663-.363 1.198-.796 1.198h-.184c-.19-1.951-1.388-3.3-2.677-3.006-1.025.233-1.83 1.454-1.985 3.006h-1.726v-5.274h7.278c.03 0 .055-.008.085-.015 0 .037.005.068.005.105v3.986z"
            fill="#bfc5d2"
            fillRule="evenodd"
          />
          <mask
            height={16}
            id="Vehicles_svg__a"
            maskUnits="userSpaceOnUse"
            width={20}
            x={2}
            y={4}
          >
            <path
              clipRule="evenodd"
              d="M21.428 8.732L18.602 4.73C18.269 4.256 17.831 4 17.378 4h-6.303c-.498 0-.97.309-1.309.859L7.378 8.732c-.15.249-.363.384-.582.392h-2.14C3.19 9.116 2 10.917 2 13.132v1.575c0 1.492.801 2.705 1.791 2.705h.269c.358 1.899 1.661 2.992 2.915 2.449.781-.34 1.393-1.266 1.617-2.449h6.836c.358 1.899 1.662 2.992 2.915 2.449.781-.34 1.393-1.266 1.617-2.449h.244c.985.008 1.791-1.206 1.796-2.697v-4.001c-.005-.754-.214-1.47-.572-1.982zm-4.06-3.225c.21 0 .408.12.552.332l2.314 3.285h-2.727l-1.104-3.617h.965zm-.95 3.617h-2.781V5.507h1.676l1.105 3.617zm-10.1 9.38c-.75 0-1.363-.926-1.363-2.064s.612-2.065 1.363-2.065c.752 0 1.364.927 1.364 2.065 0 1.145-.612 2.065-1.364 2.065zm6.324-2.606h-3.99c-.19-1.952-1.388-3.293-2.677-3.007-1.025.234-1.83 1.454-1.985 3.007h-.199c-.438.007-.796-.528-.8-1.19v-1.576c-.001-1.386.745-2.509 1.66-2.509h2.145c.035 0 .065 0 .1-.007.02 0 .034.007.054.007h5.692v5.275zm0-6.774h-4.14l1.99-3.225c.15-.249.364-.384.583-.392h1.567v3.617zM15.726 4h-3.035 3.035zm1.966 14.505c-.752 0-1.364-.927-1.364-2.065s.612-2.065 1.364-2.065c.75 0 1.363.927 1.363 2.065 0 1.145-.612 2.065-1.363 2.065zm3.313-3.798c-.005.663-.363 1.198-.796 1.198h-.184c-.19-1.951-1.388-3.3-2.677-3.006-1.025.233-1.83 1.454-1.985 3.006h-1.726v-5.274h7.278c.03 0 .055-.008.085-.015 0 .037.005.068.005.105v3.986z"
              fill="#fff"
              fillRule="evenodd"
            />
          </mask>
        </svg>
        <span
          className="emotion-9"
        >
          Vehicles
        </span>
      </li>
      <li
        className="emotion-10"
      >
        <svg
          className="emotion-5"
          fill="none"
          viewBox="0 0 24 24"
        >
          <title>
            Service
          </title>
          <path
            clipRule="evenodd"
            d="M21.538 10.526l-1.081-.113a6.657 6.657 0 00-.528-1.389l.685-.92a.61.61 0 00-.03-.757l-1.35-1.519a.471.471 0 00-.686-.04l-.827.763a5.537 5.537 0 00-1.244-.587l-.101-1.197c-.026-.288-.244-.508-.508-.508h-1.685V2.565c0-.31-.229-.565-.508-.565-.28 0-.508.254-.508.565v2.823H11.25c-.818 0-1.594.43-2.092 1.152L7.066 9.606l-3.518 1.067C2.635 10.95 2.005 11.87 2 12.926v1.496c.005 1.288.95 2.327 2.107 2.327h.274c.38 1.575 1.837 2.501 3.254 2.078.908-.277 1.624-1.068 1.868-2.078h3.665v4.686c0 .31.228.565.507.565.28 0 .508-.254.508-.565V20.08h1.685c.264 0 .482-.22.508-.514l.101-1.202a5.547 5.547 0 001.249-.582l.827.762a.47.47 0 00.68-.034l1.366-1.519a.619.619 0 00.03-.762l-.685-.92a7.04 7.04 0 00.528-1.383l1.066-.114c.259-.028.462-.27.462-.564v-2.163c0-.288-.203-.53-.462-.559zM6.94 17.805c-.903 0-1.64-.82-1.64-1.824 0-1.005.737-1.824 1.64-1.824.904 0 1.64.819 1.64 1.824 0 1.005-.731 1.824-1.64 1.824zm6.229-2.191H9.574c-.178-1.62-1.503-2.767-2.955-2.575-1.208.164-2.162 1.225-2.314 2.575h-.203c-.6.005-1.087-.531-1.092-1.197v-1.491c.005-.542.33-1.016.802-1.163l3.685-1.118a.497.497 0 00.27-.203L9.97 7.229c.304-.446.781-.706 1.284-.706h1.914v9.09zm1.015-5.844c1.188-.44 2.472.276 2.868 1.603.396 1.327-.249 2.75-1.442 3.19-.462.17-.964.17-1.426 0V9.77zm6.802 2.958l-.965.102c-.218.023-.4.203-.446.44a5.688 5.688 0 01-.676 1.774.61.61 0 00.036.666l.62.835-.711.791-.752-.683a.463.463 0 00-.604-.034c-.482.356-1.02.61-1.588.745-.219.051-.376.254-.396.497l-.092 1.084h-1.228v-3.213c1.771.44 3.528-.801 3.919-2.772.395-1.97-.721-3.924-2.493-4.365a2.904 2.904 0 00-1.426 0V5.394h1.223l.096 1.078c.02.243.183.446.396.497a4.656 4.656 0 011.594.745.464.464 0 00.6-.04l.746-.688.7.785-.624.841a.61.61 0 00-.03.672c.319.536.547 1.135.67 1.767.05.243.228.418.451.44l.98.108v1.13z"
            fill="#bfc5d2"
            fillRule="evenodd"
          />
          <mask
            height={20}
            id="Service_svg__a"
            maskUnits="userSpaceOnUse"
            width={20}
            x={2}
            y={2}
          >
            <path
              clipRule="evenodd"
              d="M21.538 10.526l-1.081-.113a6.657 6.657 0 00-.528-1.389l.685-.92a.61.61 0 00-.03-.757l-1.35-1.519a.471.471 0 00-.686-.04l-.827.763a5.537 5.537 0 00-1.244-.587l-.101-1.197c-.026-.288-.244-.508-.508-.508h-1.685V2.565c0-.31-.229-.565-.508-.565-.28 0-.508.254-.508.565v2.823H11.25c-.818 0-1.594.43-2.092 1.152L7.066 9.606l-3.518 1.067C2.635 10.95 2.005 11.87 2 12.926v1.496c.005 1.288.95 2.327 2.107 2.327h.274c.38 1.575 1.837 2.501 3.254 2.078.908-.277 1.624-1.068 1.868-2.078h3.665v4.686c0 .31.228.565.507.565.28 0 .508-.254.508-.565V20.08h1.685c.264 0 .482-.22.508-.514l.101-1.202a5.547 5.547 0 001.249-.582l.827.762a.47.47 0 00.68-.034l1.366-1.519a.619.619 0 00.03-.762l-.685-.92a7.04 7.04 0 00.528-1.383l1.066-.114c.259-.028.462-.27.462-.564v-2.163c0-.288-.203-.53-.462-.559zM6.94 17.805c-.903 0-1.64-.82-1.64-1.824 0-1.005.737-1.824 1.64-1.824.904 0 1.64.819 1.64 1.824 0 1.005-.731 1.824-1.64 1.824zm6.229-2.191H9.574c-.178-1.62-1.503-2.767-2.955-2.575-1.208.164-2.162 1.225-2.314 2.575h-.203c-.6.005-1.087-.531-1.092-1.197v-1.491c.005-.542.33-1.016.802-1.163l3.685-1.118a.497.497 0 00.27-.203L9.97 7.229c.304-.446.781-.706 1.284-.706h1.914v9.09zm1.015-5.844c1.188-.44 2.472.276 2.868 1.603.396 1.327-.249 2.75-1.442 3.19-.462.17-.964.17-1.426 0V9.77zm6.802 2.958l-.965.102c-.218.023-.4.203-.446.44a5.688 5.688 0 01-.676 1.774.61.61 0 00.036.666l.62.835-.711.791-.752-.683a.463.463 0 00-.604-.034c-.482.356-1.02.61-1.588.745-.219.051-.376.254-.396.497l-.092 1.084h-1.228v-3.213c1.771.44 3.528-.801 3.919-2.772.395-1.97-.721-3.924-2.493-4.365a2.904 2.904 0 00-1.426 0V5.394h1.223l.096 1.078c.02.243.183.446.396.497a4.656 4.656 0 011.594.745.464.464 0 00.6-.04l.746-.688.7.785-.624.841a.61.61 0 00-.03.672c.319.536.547 1.135.67 1.767.05.243.228.418.451.44l.98.108v1.13z"
              fill="#fff"
              fillRule="evenodd"
            />
          </mask>
        </svg>
        <span
          className="emotion-9"
        >
          Service
        </span>
      </li>
      <li
        className="emotion-10"
      >
        <svg
          className="emotion-5"
          fill="none"
          viewBox="0 0 24 24"
        >
          <title>
            Map
          </title>
          <path
            clipRule="evenodd"
            d="M21.484 3.909L15.287 2.03h-.034c-.034 0-.052-.017-.086-.017h-.172c-.035 0-.052 0-.086.017h-.035L8.902 3.857l-5.99-1.826a.719.719 0 00-.62.103.744.744 0 00-.292.569v16.713c0 .31.207.585.5.671l6.195 1.878a.86.86 0 00.207.035.86.86 0 00.206-.035l5.99-1.809 5.99 1.81a.86.86 0 00.206.034.7.7 0 00.413-.138.744.744 0 00.293-.568V4.58c0-.31-.206-.569-.516-.672zM8.196 20.363l-4.785-1.447V3.65l4.785 1.448v15.265zm6.196-1.464l-4.784 1.464V5.115l4.784-1.465V18.9zm6.197 1.464l-4.785-1.447V3.65l4.785 1.448v15.265z"
            fill="#bfc5d2"
            fillRule="evenodd"
          />
          <mask
            height={20}
            id="Map_svg__a"
            maskUnits="userSpaceOnUse"
            width={20}
            x={2}
            y={2}
          >
            <path
              clipRule="evenodd"
              d="M21.484 3.909L15.287 2.03h-.034c-.034 0-.052-.017-.086-.017h-.172c-.035 0-.052 0-.086.017h-.035L8.902 3.857l-5.99-1.826a.719.719 0 00-.62.103.744.744 0 00-.292.569v16.713c0 .31.207.585.5.671l6.195 1.878a.86.86 0 00.207.035.86.86 0 00.206-.035l5.99-1.809 5.99 1.81a.86.86 0 00.206.034.7.7 0 00.413-.138.744.744 0 00.293-.568V4.58c0-.31-.206-.569-.516-.672zM8.196 20.363l-4.785-1.447V3.65l4.785 1.448v15.265zm6.196-1.464l-4.784 1.464V5.115l4.784-1.465V18.9zm6.197 1.464l-4.785-1.447V3.65l4.785 1.448v15.265z"
              fill="#fff"
              fillRule="evenodd"
            />
          </mask>
        </svg>
        <span
          className="emotion-9"
        >
          Map
        </span>
      </li>
      <li
        className="emotion-10"
      >
        <svg
          className="emotion-5"
          fill="none"
          viewBox="0 0 24 24"
        >
          <title>
            Chat
          </title>
          <path
            clipRule="evenodd"
            d="M3.524 18.527V6.132l8.48 6.845 8.472-6.845v12.395H3.524zM19.143 5.49l-7.095 5.587-7.19-5.587h14.285zM20.182 4H3.818C2.815 4 2 4.797 2 5.778v12.444C2 19.202 2.815 20 3.818 20h16.364C21.185 20 22 19.203 22 18.222V5.778C22 4.798 21.184 4 20.182 4z"
            fill="#bfc5d2"
            fillRule="evenodd"
          />
          <mask
            height={16}
            id="Chat_svg__a"
            maskUnits="userSpaceOnUse"
            width={20}
            x={2}
            y={4}
          >
            <path
              clipRule="evenodd"
              d="M3.524 18.527V6.132l8.48 6.845 8.472-6.845v12.395H3.524zM19.143 5.49l-7.095 5.587-7.19-5.587h14.285zM20.182 4H3.818C2.815 4 2 4.797 2 5.778v12.444C2 19.202 2.815 20 3.818 20h16.364C21.185 20 22 19.203 22 18.222V5.778C22 4.798 21.184 4 20.182 4z"
              fill="#fff"
              fillRule="evenodd"
            />
          </mask>
        </svg>
        <span
          className="emotion-9"
        >
          Chat
        </span>
      </li>
      <li
        className="emotion-10"
      >
        <svg
          className="emotion-5"
          fill="none"
          viewBox="0 0 24 24"
        >
          <title>
            Settings
          </title>
          <path
            clipRule="evenodd"
            d="M20.976 9.9l-1.403-.238a7.923 7.923 0 00-.564-1.362l.827-1.157a1.232 1.232 0 00-.134-1.592l-1.245-1.245a1.227 1.227 0 00-1.588-.133L15.708 5a7.845 7.845 0 00-1.412-.581l-.234-1.387A1.234 1.234 0 0012.842 2h-1.76c-.605 0-1.119.435-1.22 1.032l-.241 1.42a7.732 7.732 0 00-1.358.573l-1.15-.827c-.208-.15-.459-.23-.718-.23-.33 0-.643.13-.873.363l-1.25 1.245a1.237 1.237 0 00-.133 1.592l.836 1.174c-.23.439-.414.894-.556 1.366l-1.387.234c-.597.1-1.032.614-1.032 1.22v1.76c0 .605.435 1.119 1.032 1.22l1.42.242c.147.467.339.923.573 1.357l-.823 1.145a1.232 1.232 0 00.133 1.592l1.246 1.245a1.226 1.226 0 001.587.134l1.174-.836c.422.221.865.401 1.32.543l.234 1.404c.1.597.614 1.032 1.22 1.032h1.763c.606 0 1.12-.435 1.22-1.032l.239-1.404A7.923 7.923 0 0015.7 19l1.157.827c.209.15.46.23.718.23.33 0 .64-.13.874-.363l1.245-1.245a1.237 1.237 0 00.133-1.592L19 15.695a7.86 7.86 0 00.564-1.362l1.404-.234A1.234 1.234 0 0022 12.88v-1.758a1.22 1.22 0 00-1.024-1.22zm-.096 2.98c0 .054-.037.1-.092.108l-1.755.293a.56.56 0 00-.45.413 6.688 6.688 0 01-.728 1.75.565.565 0 00.025.615l1.032 1.454a.114.114 0 01-.012.142L17.655 18.9a.106.106 0 01-.08.033.103.103 0 01-.062-.02l-1.45-1.033a.565.565 0 00-.614-.025 6.69 6.69 0 01-1.75.727.554.554 0 00-.414.451l-.297 1.755a.108.108 0 01-.109.092h-1.758a.108.108 0 01-.11-.092l-.292-1.755a.56.56 0 00-.413-.45 6.944 6.944 0 01-1.713-.703.579.579 0 00-.284-.075.55.55 0 00-.326.105L6.52 18.95a.125.125 0 01-.063.02.112.112 0 01-.08-.033l-1.245-1.245a.113.113 0 01-.012-.142l1.028-1.441a.572.572 0 00.025-.618 6.624 6.624 0 01-.736-1.747.572.572 0 00-.45-.413L3.22 13.03a.108.108 0 01-.092-.109v-1.759c0-.054.038-.1.092-.108l1.742-.293a.565.565 0 00.456-.418 6.681 6.681 0 01.714-1.754.558.558 0 00-.03-.61l-1.04-1.463a.114.114 0 01.013-.142L6.32 5.13a.106.106 0 01.08-.033c.024 0 .045.008.062.02l1.441 1.029c.184.13.427.137.619.025a6.625 6.625 0 011.746-.736.572.572 0 00.414-.45l.3-1.768a.108.108 0 01.11-.092h1.758c.055 0 .1.037.109.092l.292 1.742c.038.221.2.401.418.455.63.16 1.232.406 1.792.736.193.113.43.104.615-.025l1.44-1.036a.124.124 0 01.064-.021c.016 0 .05.004.079.033l1.245 1.245a.113.113 0 01.012.142l-1.031 1.45a.565.565 0 00-.026.614c.326.547.569 1.136.727 1.75.055.218.235.38.452.414l1.755.297a.108.108 0 01.091.108v1.76h-.004zm-12.066-.882a3.19 3.19 0 003.188 3.188 3.19 3.19 0 003.188-3.188 3.19 3.19 0 00-3.188-3.188 3.19 3.19 0 00-3.188 3.188z"
            fill="#bfc5d2"
            fillRule="evenodd"
          />
          <mask
            height={20}
            id="Settings_svg__a"
            maskUnits="userSpaceOnUse"
            width={20}
            x={2}
            y={2}
          >
            <path
              clipRule="evenodd"
              d="M20.976 9.9l-1.403-.238a7.923 7.923 0 00-.564-1.362l.827-1.157a1.232 1.232 0 00-.134-1.592l-1.245-1.245a1.227 1.227 0 00-1.588-.133L15.708 5a7.845 7.845 0 00-1.412-.581l-.234-1.387A1.234 1.234 0 0012.842 2h-1.76c-.605 0-1.119.435-1.22 1.032l-.241 1.42a7.732 7.732 0 00-1.358.573l-1.15-.827c-.208-.15-.459-.23-.718-.23-.33 0-.643.13-.873.363l-1.25 1.245a1.237 1.237 0 00-.133 1.592l.836 1.174c-.23.439-.414.894-.556 1.366l-1.387.234c-.597.1-1.032.614-1.032 1.22v1.76c0 .605.435 1.119 1.032 1.22l1.42.242c.147.467.339.923.573 1.357l-.823 1.145a1.232 1.232 0 00.133 1.592l1.246 1.245a1.226 1.226 0 001.587.134l1.174-.836c.422.221.865.401 1.32.543l.234 1.404c.1.597.614 1.032 1.22 1.032h1.763c.606 0 1.12-.435 1.22-1.032l.239-1.404A7.923 7.923 0 0015.7 19l1.157.827c.209.15.46.23.718.23.33 0 .64-.13.874-.363l1.245-1.245a1.237 1.237 0 00.133-1.592L19 15.695a7.86 7.86 0 00.564-1.362l1.404-.234A1.234 1.234 0 0022 12.88v-1.758a1.22 1.22 0 00-1.024-1.22zm-.096 2.98c0 .054-.037.1-.092.108l-1.755.293a.56.56 0 00-.45.413 6.688 6.688 0 01-.728 1.75.565.565 0 00.025.615l1.032 1.454a.114.114 0 01-.012.142L17.655 18.9a.106.106 0 01-.08.033.103.103 0 01-.062-.02l-1.45-1.033a.565.565 0 00-.614-.025 6.69 6.69 0 01-1.75.727.554.554 0 00-.414.451l-.297 1.755a.108.108 0 01-.109.092h-1.758a.108.108 0 01-.11-.092l-.292-1.755a.56.56 0 00-.413-.45 6.944 6.944 0 01-1.713-.703.579.579 0 00-.284-.075.55.55 0 00-.326.105L6.52 18.95a.125.125 0 01-.063.02.112.112 0 01-.08-.033l-1.245-1.245a.113.113 0 01-.012-.142l1.028-1.441a.572.572 0 00.025-.618 6.624 6.624 0 01-.736-1.747.572.572 0 00-.45-.413L3.22 13.03a.108.108 0 01-.092-.109v-1.759c0-.054.038-.1.092-.108l1.742-.293a.565.565 0 00.456-.418 6.681 6.681 0 01.714-1.754.558.558 0 00-.03-.61l-1.04-1.463a.114.114 0 01.013-.142L6.32 5.13a.106.106 0 01.08-.033c.024 0 .045.008.062.02l1.441 1.029c.184.13.427.137.619.025a6.625 6.625 0 011.746-.736.572.572 0 00.414-.45l.3-1.768a.108.108 0 01.11-.092h1.758c.055 0 .1.037.109.092l.292 1.742c.038.221.2.401.418.455.63.16 1.232.406 1.792.736.193.113.43.104.615-.025l1.44-1.036a.124.124 0 01.064-.021c.016 0 .05.004.079.033l1.245 1.245a.113.113 0 01.012.142l-1.031 1.45a.565.565 0 00-.026.614c.326.547.569 1.136.727 1.75.055.218.235.38.452.414l1.755.297a.108.108 0 01.091.108v1.76h-.004zm-12.066-.882a3.19 3.19 0 003.188 3.188 3.19 3.19 0 003.188-3.188 3.19 3.19 0 00-3.188-3.188 3.19 3.19 0 00-3.188 3.188z"
              fill="#fff"
              fillRule="evenodd"
            />
          </mask>
        </svg>
        <span
          className="emotion-9"
        >
          Settings
        </span>
      </li>
    </ul>
  </nav>
</div>
`;
