// Jest Snapshot v1, https://goo.gl/fbAQLP

exports[`AppBar renders content 1`] = `
.emotion-0 {
  display: -webkit-box;
  display: -webkit-flex;
  display: -ms-flexbox;
  display: flex;
  -webkit-position: sticky;
  position: sticky;
  top: 0;
  border-bottom: solid 1px #e4e8f0;
  min-height: 80px;
  padding: 0 25px;
  background-color: #fff;
  z-index: 1100;
}

<div>
  <div
    class="emotion-0"
    data-testid="appbar"
  >
    The SMS program is down, synthesize the redundant feed so we can synthesize the SQL hard drive!
  </div>
</div>
`;
