// Jest Snapshot v1, https://goo.gl/fbAQLP

exports[`IconButton renders button 1`] = `
.emotion-0 {
  display: -webkit-box;
  display: -webkit-flex;
  display: -ms-flexbox;
  display: flex;
  -webkit-align-items: center;
  -webkit-box-align: center;
  -ms-flex-align: center;
  align-items: center;
  -webkit-box-pack: center;
  -ms-flex-pack: center;
  -webkit-justify-content: center;
  justify-content: center;
  border: none;
  border-radius: 5px;
  padding: 4px;
  background: none;
  font-size: 1em;
  font-weight: 500;
  cursor: pointer;
  -webkit-transition: background-color 300ms cubic-bezier(0.4, 0, 0.2, 1);
  transition: background-color 300ms cubic-bezier(0.4, 0, 0.2, 1);
}

.emotion-0:disabled {
  opacity: 0.3;
  pointer-events: none;
}

.emotion-0:focus {
  outline: 0;
}

.emotion-0:enabled:hover {
  background-color: rgba(46,91,255,0.1);
}

<div>
  <button
    class="emotion-0"
    data-testid="iconbutton"
    type="button"
  />
</div>
`;
