// Jest Snapshot v1, https://goo.gl/fbAQLP

exports[`Vehicles Filter matches snapshot 1`] = `
.emotion-18 {
  display: block;
  border-radius: 1px;
  border: solid 1px rgba(46,91,255,0.08);
  box-shadow: 0 10px 20px 0 rgba(46,91,255,0.07);
  padding: 32px 24px;
  background-color: #fff;
  padding: 32px 24px 3px;
  width: 268px;
}

.emotion-0 {
  margin: 0 0 26px 0;
  color: #8798ad;
  font-size: 13px;
  font-weight: 400;
  -webkit-letter-spacing: 1.2px;
  -moz-letter-spacing: 1.2px;
  -ms-letter-spacing: 1.2px;
  letter-spacing: 1.2px;
  text-transform: uppercase;
}

.emotion-5 {
  display: inline-block;
  color: #b0bac9;
  font-size: 12px;
  font-weight: 500;
  -webkit-letter-spacing: 1.2px;
  -moz-letter-spacing: 1.2px;
  -ms-letter-spacing: 1.2px;
  letter-spacing: 1.2px;
  text-transform: uppercase;
  padding: 0 6px 19px;
  color: #2e384d;
  font-size: 15px;
  font-weight: 400;
  -webkit-letter-spacing: normal;
  -moz-letter-spacing: normal;
  -ms-letter-spacing: normal;
  letter-spacing: normal;
  line-height: 1.47;
  text-transform: none;
}

.emotion-5 input {
  color: #2e5bff;
}

.emotion-2 {
  display: block;
  border: solid 1px #e0e7ff;
  border-radius: 5px;
  height: 38px;
  margin: 7px 0;
  max-width: 270px;
  padding: 10px 16px;
  width: 100%;
  background-color: rgba(224,231,255,0.2);
  color: #2e384d;
  font-family: inherit;
  font-size: 15px;
  -webkit-transition: all 0.2s linear;
  transition: all 0.2s linear;
}

.emotion-2:disabled {
  opacity: 0.3;
}

.emotion-2:focus {
  border: solid 1px #2e5bff;
  outline: 0;
}

<div
  className="emotion-17 emotion-18 emotion-19"
>
  <h3
    className="emotion-0 emotion-1"
  >
    Filter
  </h3>
  <label
    className="emotion-4 emotion-5 emotion-6"
  >
    Vehicle model
    <input
      className="emotion-2 emotion-3"
      placeholder="Vehicle model"
      type="text"
    />
  </label>
  <label
    className="emotion-4 emotion-5 emotion-6"
  >
    Status
    <input
      className="emotion-2 emotion-3"
      defaultValue="Service needed"
      placeholder="Status"
      type="text"
    />
  </label>
  <label
    className="emotion-4 emotion-5 emotion-6"
  >
    Location
    <input
      className="emotion-2 emotion-3"
      defaultValue="USA"
      placeholder="Location"
      type="text"
    />
  </label>
</div>
`;

exports[`Vehicles Vehicles matches snapshot 1`] = `
<table
  className="emotion-0 emotion-1"
/>
`;
