// Jest Snapshot v1, https://goo.gl/fbAQLP

exports[`ListItemIcon renders icon 1`] = `
<div>
  <svg />
</div>
`;
