// Jest Snapshot v1, https://goo.gl/fbAQLP

exports[`Chat Conversations matches snapshot 1`] = `
.emotion-56 {
  border-radius: 1px;
  height: 100%;
  margin: 0;
  padding: 0;
  width: 378px;
  background-color: #fff;
  list-style: none;
  overflow: hidden;
}

.emotion-7 {
  display: block;
  border-radius: 1px;
  border: solid 1px rgba(46,91,255,0.08);
  box-shadow: 0 10px 20px 0 rgba(46,91,255,0.07);
  padding: 32px 24px;
  background-color: #fff;
  display: -webkit-box;
  display: -webkit-flex;
  display: -ms-flexbox;
  display: flex;
  border-left: 0;
  border-top: 0;
  padding: 17px 25px;
  cursor: pointer;
  -webkit-transition: all 0.2s linear;
  transition: all 0.2s linear;
}

.emotion-7:hover {
  background-color: rgba(46,91,255,0.08);
}

.emotion-1 {
  -webkit-box-flex: 0;
  -webkit-flex-grow: 0;
  -ms-flex-positive: 0;
  flex-grow: 0;
  margin-right: 10px;
}

.emotion-0 {
  border-radius: 50%;
}

.emotion-6 {
  display: -webkit-box;
  display: -webkit-flex;
  display: -ms-flexbox;
  display: flex;
  -webkit-flex-direction: column;
  -ms-flex-direction: column;
  flex-direction: column;
  -webkit-box-pack: center;
  -webkit-justify-content: center;
  -ms-flex-pack: center;
  justify-content: center;
  -webkit-box-flex: 1;
  -webkit-flex-grow: 1;
  -ms-flex-positive: 1;
  flex-grow: 1;
}

.emotion-4 {
  display: -webkit-box;
  display: -webkit-flex;
  display: -ms-flexbox;
  display: flex;
  -webkit-box-pack: justify;
  -webkit-justify-content: space-between;
  -ms-flex-pack: justify;
  justify-content: space-between;
  line-height: 1.47;
}

.emotion-2 {
  -webkit-box-flex: 1;
  -webkit-flex-grow: 1;
  -ms-flex-positive: 1;
  flex-grow: 1;
  font-weight: 500;
}

.emotion-3 {
  color: #8798ad;
}

.emotion-5 {
  display: block;
  color: #8798ad;
  line-height: 1.47;
  max-width: 259px;
  white-space: nowrap;
  overflow: hidden;
  text-overflow: ellipsis;
}

<ul
  className="emotion-56"
>
  <div
    className="emotion-7"
  >
    <div
      className="emotion-1"
    >
      <img
        className="emotion-0"
        height="48"
        src="https://s3.amazonaws.com/uifaces/faces/twitter/xravil/128.jpg"
        width="48"
      />
    </div>
    <div
      className="emotion-6"
    >
      <div
        className="emotion-4"
      >
        <span
          className="emotion-2"
        >
          Lisa F. Bogar
        </span>
        <span
          className="emotion-3"
        >
          2m
        </span>
      </div>
      <span
        className="emotion-5"
      >
        If you're still having trouble loading...
      </span>
    </div>
  </div>
  <div
    className="emotion-7"
  >
    <div
      className="emotion-1"
    >
      <img
        className="emotion-0"
        height="48"
        src="https://s3.amazonaws.com/uifaces/faces/twitter/vladyn/128.jpg"
        width="48"
      />
    </div>
    <div
      className="emotion-6"
    >
      <div
        className="emotion-4"
      >
        <span
          className="emotion-2"
        >
          Kathey K. Hernandez
        </span>
        <span
          className="emotion-3"
        >
          40m
        </span>
      </div>
      <span
        className="emotion-5"
      >
        You are most welcome Kathey!
      </span>
    </div>
  </div>
  <div
    className="emotion-7"
  >
    <div
      className="emotion-1"
    >
      <img
        className="emotion-0"
        height="48"
        src="https://s3.amazonaws.com/uifaces/faces/twitter/iduuck/128.jpg"
        width="48"
      />
    </div>
    <div
      className="emotion-6"
    >
      <div
        className="emotion-4"
      >
        <span
          className="emotion-2"
        >
          Nora M. Buchanan
        </span>
        <span
          className="emotion-3"
        >
          51m
        </span>
      </div>
      <span
        className="emotion-5"
      >
        I have an issue with...
      </span>
    </div>
  </div>
  <div
    className="emotion-7"
  >
    <div
      className="emotion-1"
    >
      <img
        className="emotion-0"
        height="48"
        src="https://s3.amazonaws.com/uifaces/faces/twitter/safrankov/128.jpg"
        width="48"
      />
    </div>
    <div
      className="emotion-6"
    >
      <div
        className="emotion-4"
      >
        <span
          className="emotion-2"
        >
          James A. Parker
        </span>
        <span
          className="emotion-3"
        >
          2h
        </span>
      </div>
      <span
        className="emotion-5"
      >
        Let's look into this together.
      </span>
    </div>
  </div>
  <div
    className="emotion-7"
  >
    <div
      className="emotion-1"
    >
      <img
        className="emotion-0"
        height="48"
        src="https://s3.amazonaws.com/uifaces/faces/twitter/giancarlon/128.jpg"
        width="48"
      />
    </div>
    <div
      className="emotion-6"
    >
      <div
        className="emotion-4"
      >
        <span
          className="emotion-2"
        >
          Emma R. Joiner
        </span>
        <span
          className="emotion-3"
        >
          7h
        </span>
      </div>
      <span
        className="emotion-5"
      >
        We're happy to take a look into...
      </span>
    </div>
  </div>
  <div
    className="emotion-7"
  >
    <div
      className="emotion-1"
    >
      <img
        className="emotion-0"
        height="48"
        src="https://s3.amazonaws.com/uifaces/faces/twitter/johnsmithagency/128.jpg"
        width="48"
      />
    </div>
    <div
      className="emotion-6"
    >
      <div
        className="emotion-4"
      >
        <span
          className="emotion-2"
        >
          Martin L. Sherrod
        </span>
        <span
          className="emotion-3"
        >
          7h
        </span>
      </div>
      <span
        className="emotion-5"
      >
        The download should now start...
      </span>
    </div>
  </div>
  <div
    className="emotion-7"
  >
    <div
      className="emotion-1"
    >
      <img
        className="emotion-0"
        height="48"
        src="https://s3.amazonaws.com/uifaces/faces/twitter/_kkga/128.jpg"
        width="48"
      />
    </div>
    <div
      className="emotion-6"
    >
      <div
        className="emotion-4"
      >
        <span
          className="emotion-2"
        >
          Angel V. Mason
        </span>
        <span
          className="emotion-3"
        >
          10h
        </span>
      </div>
      <span
        className="emotion-5"
      >
        Sorry to hear about the syncing...
      </span>
    </div>
  </div>
</ul>
`;
